// Jest Snapshot v1, https://goo.gl/fbAQLP

exports[`Button Renders with text 1`] = `
Array [
  <div />,
  <button
    className="sc-bdVaJa jyKrJs"
  >
    My Button
  </button>,
  <div>
    subTitle
  </div>,
]
`;
